******************************************************************************
                  TI ARM Linker PC v20.2.6                     
******************************************************************************
>> Linked Thu Oct 13 14:02:16 2022

OUTPUT FILE NAME:   <lab2.out>
ENTRY POINT SYMBOL: "_c_int00_noargs"  address: 0000371d


MEMORY CONFIGURATION

         name            origin    length      used     unused   attr    fill
----------------------  --------  ---------  --------  --------  ----  --------
  MAIN                  00000000   00040000  00003d01  0003c2ff  R  X
  INFO                  00200000   00004000  00000000  00004000  R  X
  SRAM_CODE             01000000   00010000  00000bd7  0000f429  RW X
  SRAM_DATA             20000000   00010000  00000bd7  0000f429  RW  


SEGMENT ALLOCATION MAP

run origin  load origin   length   init length attrs members
----------  ----------- ---------- ----------- ----- -------
00000000    00000000    00003d08   00003d08    r-x
  00000000    00000000    000000e4   000000e4    r-- .intvecs
  000000e4    000000e4    00003a24   00003a24    r-x .text
  00003b08    00003b08    00000161   00000161    r-- .const
  00003c70    00003c70    00000098   00000098    r-- .cinit
20000000    20000000    000007d7   00000000    rw-
  20000000    20000000    00000400   00000000    rw- .sysmem
  20000400    20000400    000001fc   00000000    rw- .data
  200005fc    200005fc    000001db   00000000    rw- .bss
2000fc00    2000fc00    00000400   00000000    rw-
  2000fc00    2000fc00    00000400   00000000    rw- .stack


SECTION ALLOCATION MAP

 output                                  attributes/
section   page    origin      length       input sections
--------  ----  ----------  ----------   ----------------
.intvecs   0    00000000    000000e4     
                  00000000    000000e4     startup_msp432p401r_ccs.obj (.intvecs:retain)

.text      0    000000e4    00003a24     
                  000000e4    00000a4e     rtsv7M4_T_le_v4SPD16_eabi.lib : _printfi.c.obj (.text:__TI_printfi)
                  00000b32    00000002     startup_msp432p401r_ccs.obj (.text:Default_Handler)
                  00000b34    00000270     rtsv7M4_T_le_v4SPD16_eabi.lib : _printfi.c.obj (.text:_pconv_a)
                  00000da4    00000258     main.obj (.text:userGuess)
                  00000ffc    000001d0     rtsv7M4_T_le_v4SPD16_eabi.lib : _printfi.c.obj (.text:_pconv_g)
                  000011cc    000001b6                                   : fd_add_t2.asm.obj (.text)
                  00001382    00000002                                   : _lock.c.obj (.text:_nop)
                  00001384    00000184     main.obj (.text:showColors)
                  00001508    0000013c     rtsv7M4_T_le_v4SPD16_eabi.lib : _printfi.c.obj (.text:_pconv_e)
                  00001644    00000136                                   : fd_div_t2.asm.obj (.text)
                  0000177a    00000002                                   : div0.asm.obj (.text)
                  0000177c    00000124                                   : _printfi.c.obj (.text:fcvt)
                  000018a0    0000011c     msp432p4xx_driverlib.lib : uart.o (.text:UART_initModule)
                  000019bc    00000114     rtsv7M4_T_le_v4SPD16_eabi.lib : fputs.c.obj (.text:fputs)
                  00001ad0    00000110                                   : fopen.c.obj (.text:_openfile)
                  00001be0    00000110                                   : s_scalbn.c.obj (.text:scalbn)
                  00001cf0    00000104     main.obj (.text:main)
                  00001df4    00000100     rtsv7M4_T_le_v4SPD16_eabi.lib : memory.c.obj (.text:aligned_alloc)
                  00001ef4    000000fc                                   : fd_mul_t2.asm.obj (.text)
                  00001ff0    000000e4                                   : memory.c.obj (.text:free)
                  000020d4    000000dc                                   : setvbuf.c.obj (.text:setvbuf)
                  000021b0    000000bc                                   : open.c.obj (.text:open)
                  0000226c    000000b8                                   : add_device.c.obj (.text:add_device)
                  00002324    000000b8     main.obj (.text:colorControl)
                  000023dc    000000b1     rtsv7M4_T_le_v4SPD16_eabi.lib : _printfi.c.obj (.text:_ltostr)
                  0000248d    00000003     --HOLE-- [fill = 0]
                  00002490    000000ac     engr2350_msp432.obj (.text:init_motor_PWM)
                  0000253c    0000009c     engr2350_msp432.obj (.text:init_std_uart)
                  000025d8    0000009c     rtsv7M4_T_le_v4SPD16_eabi.lib : memcpy_t2.asm.obj (.text)
                  00002674    00000098     system_msp432p401r.obj (.text:SystemInit)
                  0000270c    00000096     rtsv7M4_T_le_v4SPD16_eabi.lib : ull_div_t2.asm.obj (.text)
                  000027a2    00000002     --HOLE-- [fill = 0]
                  000027a4    0000008c                                   : fputc.c.obj (.text:fputc)
                  00002830    00000086                                   : fd_cmp_t2.asm.obj (.text:__aeabi_cdcmple)
                  000028b6    00000086                                   : fd_cmp_t2.asm.obj (.text:__aeabi_cdrcmple)
                  0000293c    00000080     engr2350_msp432.obj (.text:dopen)
                  000029bc    0000007a     rtsv7M4_T_le_v4SPD16_eabi.lib : memset_t2.asm.obj (.text)
                  00002a36    00000002     --HOLE-- [fill = 0]
                  00002a38    00000074     main.obj (.text:GetInputs)
                  00002aac    00000074     rtsv7M4_T_le_v4SPD16_eabi.lib : fclose.c.obj (.text:__TI_closefile)
                  00002b20    00000070                                   : memory.c.obj (.text:split)
                  00002b90    0000006e                                   : _printfi.c.obj (.text:_mcpy)
                  00002bfe    00000002     --HOLE-- [fill = 0]
                  00002c00    0000006c                                   : hostrename.c.obj (.text:HOSTrename)
                  00002c6c    00000068                                   : hostlseek.c.obj (.text:HOSTlseek)
                  00002cd4    00000068                                   : copy_decompress_lzss.c.obj (.text:decompress:lzss:__TI_decompress_lzss)
                  00002d3c    00000068     main.obj (.text:populateArray)
                  00002da4    00000068     rtsv7M4_T_le_v4SPD16_eabi.lib : printf.c.obj (.text:printf)
                  00002e0c    00000064                                   : s_frexp.c.obj (.text:frexp)
                  00002e70    00000064                                   : fseek.c.obj (.text:fseek)
                  00002ed4    00000062                                   : _io_perm.c.obj (.text:__TI_wrt_ok)
                  00002f36    00000002     --HOLE-- [fill = 0]
                  00002f38    00000060                                   : hostopen.c.obj (.text:HOSTopen)
                  00002f98    0000005c                                   : close.c.obj (.text:close)
                  00002ff4    00000058     msp432p4xx_driverlib.lib : gpio.o (.text:GPIO_setAsInputPinWithPullDownResistor)
                  0000304c    00000058                              : gpio.o (.text:GPIO_setAsInputPinWithPullUpResistor)
                  000030a4    00000058     rtsv7M4_T_le_v4SPD16_eabi.lib : hostread.c.obj (.text:HOSTread)
                  000030fc    00000058                                   : hostwrite.c.obj (.text:HOSTwrite)
                  00003154    00000056                                   : _printfi.c.obj (.text:_pconv_f)
                  000031aa    00000054                                   : _ltoa.c.obj (.text:__TI_ltoa)
                  000031fe    00000002     --HOLE-- [fill = 0]
                  00003200    00000054     engr2350_msp432.obj (.text:dread)
                  00003254    00000052     rtsv7M4_T_le_v4SPD16_eabi.lib : _printfi.c.obj (.text:_ecpy)
                  000032a6    00000002     --HOLE-- [fill = 0]
                  000032a8    00000050     main.obj (.text:victory)
                  000032f8    0000004c     rtsv7M4_T_le_v4SPD16_eabi.lib : fflush.c.obj (.text:__TI_doflush)
                  00003344    0000004c                                   : atoi.c.obj (.text:atoi)
                  00003390    0000004c     main.obj (.text:failed)
                  000033dc    00000048     engr2350_msp432.obj (.text:dwrite)
                  00003424    00000048     rtsv7M4_T_le_v4SPD16_eabi.lib : exit.c.obj (.text:exit)
                  0000346c    00000048                                   : fd_toi_t2.asm.obj (.text)
                  000034b4    00000044                                   : hostclose.c.obj (.text:HOSTclose)
                  000034f8    00000044                                   : hostunlink.c.obj (.text:HOSTunlink)
                  0000353c    00000044                                   : autoinit.c.obj (.text:__TI_auto_init_nobinit_nopinit:__TI_auto_init_nobinit_nopinit)
                  00003580    00000044                                   : getdevice.c.obj (.text:getdevice)
                  000035c4    00000040     msp432p4xx_driverlib.lib : gpio.o (.text:GPIO_setAsOutputPin)
                  00003604    0000003e     rtsv7M4_T_le_v4SPD16_eabi.lib : _printfi.c.obj (.text:_fcpy)
                  00003642    00000002     --HOLE-- [fill = 0]
                  00003644    00000038                                   : trgmsg.c.obj (.text:__TI_writemsg)
                  0000367c    00000036                                   : strncpy.c.obj (.text:strncpy)
                  000036b2    00000002     --HOLE-- [fill = 0]
                  000036b4    00000034                                   : fopen.c.obj (.text:__TI_cleanup)
                  000036e8    00000034                                   : trgmsg.c.obj (.text:__TI_readmsg)
                  0000371c    00000034                                   : boot_cortex_m.c.obj (.text:_c_int00_noargs:_c_int00_noargs)
                  00003750    00000034                                   : fopen.c.obj (.text:freopen)
                  00003784    00000034                                   : rand.c.obj (.text:rand)
                  000037b8    00000030     msp432p4xx_driverlib.lib : gpio.o (.text:GPIO_getInputPinValue)
                  000037e8    00000030     rtsv7M4_T_le_v4SPD16_eabi.lib : getdevice.c.obj (.text:finddevice)
                  00003818    0000002e                                   : i_tofd_t2.asm.obj (.text)
                  00003846    00000002     --HOLE-- [fill = 0]
                  00003848    0000002c                                   : unlink.c.obj (.text:unlink)
                  00003874    00000028     msp432p4xx_driverlib.lib : gpio.o (.text:GPIO_setOutputHighOnPin)
                  0000389c    00000028                              : gpio.o (.text:GPIO_setOutputLowOnPin)
                  000038c4    00000028     rtsv7M4_T_le_v4SPD16_eabi.lib : memory.c.obj (.text:free_list_insert)
                  000038ec    00000028                                   : lseek.c.obj (.text:lseek)
                  00003914    00000028                                   : write.c.obj (.text:write)
                  0000393c    00000024     main.obj (.text:GPIOInit)
                  00003960    00000020     rtsv7M4_T_le_v4SPD16_eabi.lib : memchr.c.obj (.text:memchr)
                  00003980    00000020                                   : u_tofd_t2.asm.obj (.text)
                  000039a0    0000001c     engr2350_msp432.obj (.text:dclose)
                  000039bc    0000001c     rtsv7M4_T_le_v4SPD16_eabi.lib : copy_zero_init.c.obj (.text:decompress:ZI:__TI_zero_init_nomemset:__TI_zero_init_nomemset)
                  000039d8    0000001c                                   : memory.c.obj (.text:free_list_remove)
                  000039f4    0000001c                                   : memccpy.c.obj (.text:memccpy)
                  00003a10    0000001a                                   : s_copysign.c.obj (.text:copysign)
                  00003a2a    00000018                                   : strcmp.c.obj (.text:strcmp)
                  00003a42    00000016                                   : strchr.c.obj (.text:strchr)
                  00003a58    00000014                                   : strcpy.c.obj (.text:strcpy)
                  00003a6c    00000014                                   : strlen.c.obj (.text:strlen)
                  00003a80    00000012     engr2350_msp432.obj (.text:dlseek)
                  00003a92    00000012     rtsv7M4_T_le_v4SPD16_eabi.lib : wcslen.c.obj (.text:wcslen)
                  00003aa4    00000010     engr2350_msp432.obj (.text:drename)
                  00003ab4    0000000e     rtsv7M4_T_le_v4SPD16_eabi.lib : copy_decompress_none.c.obj (.text:decompress:none:__TI_decompress_none)
                  00003ac2    0000000e     engr2350_msp432.obj (.text:dunlink)
                  00003ad0    0000000c     startup_msp432p401r_ccs.obj (.text:Reset_Handler)
                  00003adc    0000000c     engr2350_msp432.obj (.text:SysInit)
                  00003ae8    00000008     rtsv7M4_T_le_v4SPD16_eabi.lib : errno.c.obj (.text:__aeabi_errno_addr)
                  00003af0    00000008                                   : memory.c.obj (.text:malloc)
                  00003af8    00000004                                   : printf.c.obj (.text:_outc)
                  00003afc    00000004                                   : printf.c.obj (.text:_outs)
                  00003b00    00000004                                   : pre_init.c.obj (.text:_system_pre_init)
                  00003b04    00000004                                   : exit.c.obj (.text:abort:abort)

.const     0    00003b08    00000161     
                  00003b08    00000101     rtsv7M4_T_le_v4SPD16_eabi.lib : ctype.c.obj (.const:.string:_ctypes_)
                  00003c09    00000003     --HOLE-- [fill = 0]
                  00003c0c    00000030     msp432p4xx_driverlib.lib : gpio.o (.const:GPIO_PORT_TO_BASE)
                  00003c3c    00000028     engr2350_msp432.obj (.const:$P$T1$2)
                  00003c64    00000005     engr2350_msp432.obj (.const:.string:$P$T0$1)

.cinit     0    00003c70    00000098     
                  00003c70    00000070     (.cinit..data.load) [load image, compression = lzss]
                  00003ce0    0000000c     (__TI_handler_table)
                  00003cec    00000004     --HOLE-- [fill = 0]
                  00003cf0    00000008     (.cinit..bss.load) [load image, compression = zero_init]
                  00003cf8    00000010     (__TI_cinit_table)

.init_array 
*          0    00000000    00000000     UNINITIALIZED

.binit     0    00000000    00000000     

.sysmem    0    20000000    00000400     UNINITIALIZED
                  20000000    00000010     rtsv7M4_T_le_v4SPD16_eabi.lib : memory.c.obj (.sysmem)
                  20000010    000003f0     --HOLE--

.data      0    20000400    000001fc     UNINITIALIZED
                  20000400    000000f0     rtsv7M4_T_le_v4SPD16_eabi.lib : defs.c.obj (.data:_ftable)
                  200004f0    00000078                                   : host_device.c.obj (.data:_device)
                  20000568    00000050                                   : host_device.c.obj (.data:_stream)
                  200005b8    00000010                                   : defs.c.obj (.data)
                  200005c8    0000000c                                   : exit.c.obj (.data:$O1$$)
                  200005d4    00000008                                   : _lock.c.obj (.data:$O1$$)
                  200005dc    00000008                                   : memory.c.obj (.data:$O1$$)
                  200005e4    00000008     main.obj (.data)
                  200005ec    00000004     rtsv7M4_T_le_v4SPD16_eabi.lib : add_device.c.obj (.data)
                  200005f0    00000004                                   : errno.c.obj (.data)
                  200005f4    00000004                                   : open.c.obj (.data)
                  200005f8    00000004                                   : rand.c.obj (.data)

.bss       0    200005fc    000001db     UNINITIALIZED
                  200005fc    00000120     rtsv7M4_T_le_v4SPD16_eabi.lib : trgmsg.c.obj (.bss:_CIOBUF_)
                  2000071c    000000a0     (.common:__TI_tmpnams)
                  200007bc    0000000c     (.common:colorArray)
                  200007c8    00000008     (.common:parmbuf)
                  200007d0    00000001     (.common:bmp0)
                  200007d1    00000001     (.common:bmp1)
                  200007d2    00000001     (.common:bmp2)
                  200007d3    00000001     (.common:bmp3)
                  200007d4    00000001     (.common:bmp4)
                  200007d5    00000001     (.common:bmp5)
                  200007d6    00000001     (.common:startbtn)

.stack     0    2000fc00    00000400     UNINITIALIZED
                  2000fc00    00000004     rtsv7M4_T_le_v4SPD16_eabi.lib : boot_cortex_m.c.obj (.stack)
                  2000fc04    000003fc     --HOLE--

__llvm_prf_cnts 
*          0    20000000    00000000     UNINITIALIZED

MODULE SUMMARY

       Module                        code    ro data   rw data
       ------                        ----    -------   -------
    .\
       main.obj                      1844    0         54     
    +--+-----------------------------+-------+---------+---------+
       Total:                        1844    0         54     
                                                              
    .\src\
       engr2350_msp432.obj           700     45        0      
       startup_msp432p401r_ccs.obj   14      228       0      
       system_msp432p401r.obj        152     0         0      
    +--+-----------------------------+-------+---------+---------+
       Total:                        866     273       0      
                                                              
    C:/ti/simplelink_msp432p4_sdk_3_40_01_02/source/ti/devices/msp432p4xx/driverlib/ccs/msp432p4xx_driverlib.lib
       gpio.o                        368     48        0      
       uart.o                        284     0         0      
    +--+-----------------------------+-------+---------+---------+
       Total:                        652     48        0      
                                                              
    C:\ti\ccs1200\ccs\tools\compiler\ti-cgt-arm_20.2.6.LTS\lib\rtsv7M4_T_le_v4SPD16_eabi.lib
       _printfi.c.obj                4851    0         0      
       defs.c.obj                    0       0         832    
       memory.c.obj                  672     0         16     
       trgmsg.c.obj                  108     0         576    
       fd_add_t2.asm.obj             438     0         0      
       host_device.c.obj             0       0         400    
       fopen.c.obj                   376     0         0      
       fd_div_t2.asm.obj             310     0         0      
       fputs.c.obj                   276     0         0      
       s_scalbn.c.obj                272     0         0      
       fd_cmp_t2.asm.obj             268     0         0      
       ctype.c.obj                   0       257       0      
       fd_mul_t2.asm.obj             252     0         0      
       setvbuf.c.obj                 220     0         0      
       open.c.obj                    188     0         8      
       add_device.c.obj              184     0         8      
       memcpy_t2.asm.obj             156     0         0      
       ull_div_t2.asm.obj            150     0         0      
       fputc.c.obj                   140     0         0      
       memset_t2.asm.obj             122     0         0      
       fclose.c.obj                  116     0         0      
       getdevice.c.obj               116     0         0      
       hostopen.c.obj                96      0         16     
       printf.c.obj                  112     0         0      
       hostrename.c.obj              108     0         0      
       copy_decompress_lzss.c.obj    104     0         0      
       hostlseek.c.obj               104     0         0      
       exit.c.obj                    76      0         24     
       fseek.c.obj                   100     0         0      
       s_frexp.c.obj                 100     0         0      
       _io_perm.c.obj                98      0         0      
       close.c.obj                   92      0         0      
       hostread.c.obj                88      0         0      
       hostwrite.c.obj               88      0         0      
       _ltoa.c.obj                   84      0         0      
       atoi.c.obj                    76      0         0      
       fflush.c.obj                  76      0         0      
       fd_toi_t2.asm.obj             72      0         0      
       autoinit.c.obj                68      0         0      
       hostclose.c.obj               68      0         0      
       hostunlink.c.obj              68      0         0      
       rand.c.obj                    52      0         8      
       strncpy.c.obj                 54      0         0      
       boot_cortex_m.c.obj           52      0         0      
       i_tofd_t2.asm.obj             46      0         0      
       unlink.c.obj                  44      0         0      
       lseek.c.obj                   40      0         0      
       write.c.obj                   40      0         0      
       memchr.c.obj                  32      0         0      
       u_tofd_t2.asm.obj             32      0         0      
       copy_zero_init.c.obj          28      0         0      
       memccpy.c.obj                 28      0         0      
       s_copysign.c.obj              26      0         0      
       strcmp.c.obj                  24      0         0      
       strchr.c.obj                  22      0         0      
       strcpy.c.obj                  20      0         0      
       strlen.c.obj                  20      0         0      
       _lock.c.obj                   2       0         16     
       wcslen.c.obj                  18      0         0      
       errno.c.obj                   8       0         8      
       copy_decompress_none.c.obj    14      0         0      
       pre_init.c.obj                4       0         0      
       div0.asm.obj                  2       0         0      
    +--+-----------------------------+-------+---------+---------+
       Total:                        11501   257       1912   
                                                              
       Heap:                         0       0         2048   
       Stack:                        0       0         2048   
       Linker Generated:             0       148       0      
    +--+-----------------------------+-------+---------+---------+
       Grand Total:                  14863   726       6062   


LINKER GENERATED COPY TABLES

__TI_cinit_table @ 00003cf8 records: 2, size/record: 8, table size: 16
	.data: load addr=00003c70, load size=00000070 bytes, run addr=20000400, run size=000001fc bytes, compression=lzss
	.bss: load addr=00003cf0, load size=00000008 bytes, run addr=200005fc, run size=000001db bytes, compression=zero_init


LINKER GENERATED HANDLER TABLE

__TI_handler_table @ 00003ce0 records: 3, size/record: 4, table size: 12
	index: 0, handler: __TI_decompress_lzss
	index: 1, handler: __TI_decompress_none
	index: 2, handler: __TI_zero_init


GLOBAL SYMBOLS: SORTED ALPHABETICALLY BY Name 

address   name                                  
-------   ----                                  
00000b33  ADC14_IRQHandler                      
00000b33  AES256_IRQHandler                     
00000b33  BusFault_Handler                      
00003b05  C$$EXIT                               
00003673  C$$IO$$                               
00000b33  COMP_E0_IRQHandler                    
00000b33  COMP_E1_IRQHandler                    
00000b33  CS_IRQHandler                         
00000b33  DMA_ERR_IRQHandler                    
00000b33  DMA_INT0_IRQHandler                   
00000b33  DMA_INT1_IRQHandler                   
00000b33  DMA_INT2_IRQHandler                   
00000b33  DMA_INT3_IRQHandler                   
00000b33  DebugMon_Handler                      
00000b33  Default_Handler                       
00000b33  EUSCIA0_IRQHandler                    
00000b33  EUSCIA1_IRQHandler                    
00000b33  EUSCIA2_IRQHandler                    
00000b33  EUSCIA3_IRQHandler                    
00000b33  EUSCIB0_IRQHandler                    
00000b33  EUSCIB1_IRQHandler                    
00000b33  EUSCIB2_IRQHandler                    
00000b33  EUSCIB3_IRQHandler                    
00000b33  FLCTL_IRQHandler                      
00000b33  FPU_IRQHandler                        
0000393d  GPIOInit                              
000037b9  GPIO_getInputPinValue                 
00002ff5  GPIO_setAsInputPinWithPullDownResistor
0000304d  GPIO_setAsInputPinWithPullUpResistor  
000035c5  GPIO_setAsOutputPin                   
00003875  GPIO_setOutputHighOnPin               
0000389d  GPIO_setOutputLowOnPin                
00002a39  GetInputs                             
000034b5  HOSTclose                             
00002c6d  HOSTlseek                             
00002f39  HOSTopen                              
000030a5  HOSTread                              
00002c01  HOSTrename                            
000034f9  HOSTunlink                            
000030fd  HOSTwrite                             
00000b33  HardFault_Handler                     
00000b33  MemManage_Handler                     
00000b33  NMI_Handler                           
00000b33  PCM_IRQHandler                        
00000b33  PORT1_IRQHandler                      
00000b33  PORT2_IRQHandler                      
00000b33  PORT3_IRQHandler                      
00000b33  PORT4_IRQHandler                      
00000b33  PORT5_IRQHandler                      
00000b33  PORT6_IRQHandler                      
00000b33  PSS_IRQHandler                        
00000b33  PendSV_Handler                        
00000b33  RTC_C_IRQHandler                      
00003ad1  Reset_Handler                         
00000b33  SVC_Handler                           
00003add  SysInit                               
00000b33  SysTick_Handler                       
00002675  SystemInit                            
00000b33  T32_INT1_IRQHandler                   
00000b33  T32_INT2_IRQHandler                   
00000b33  T32_INTC_IRQHandler                   
00000b33  TA0_0_IRQHandler                      
00000b33  TA0_N_IRQHandler                      
00000b33  TA1_0_IRQHandler                      
00000b33  TA1_N_IRQHandler                      
00000b33  TA2_0_IRQHandler                      
00000b33  TA2_N_IRQHandler                      
00000b33  TA3_0_IRQHandler                      
00000b33  TA3_N_IRQHandler                      
000018a1  UART_initModule                       
00000b33  UsageFault_Handler                    
4000480c  WDTCTL_SYM                            
00000b33  WDT_A_IRQHandler                      
200005fc  __CIOBUF_                             
20010000  __STACK_END                           
00000400  __STACK_SIZE                          
00000400  __SYSMEM_SIZE                         
00003cf8  __TI_CINIT_Base                       
00003d08  __TI_CINIT_Limit                      
00003ce0  __TI_Handler_Table_Base               
00003cec  __TI_Handler_Table_Limit              
0000353d  __TI_auto_init_nobinit_nopinit        
000036b5  __TI_cleanup                          
200005c8  __TI_cleanup_ptr                      
00002aad  __TI_closefile                        
00002cd5  __TI_decompress_lzss                  
00003ab5  __TI_decompress_none                  
000032f9  __TI_doflush                          
200005cc  __TI_dtors_ptr                        
200005d0  __TI_enable_exit_profile_output       
200005b8  __TI_ft_end                           
000031ab  __TI_ltoa                             
ffffffff  __TI_pprof_out_hndl                   
000000e5  __TI_printfi                          
ffffffff  __TI_prof_data_size                   
ffffffff  __TI_prof_data_start                  
000036e9  __TI_readmsg                          
00000000  __TI_static_base__                    
2000071c  __TI_tmpnams                          
00003645  __TI_writemsg                         
00002ed5  __TI_wrt_ok                           
000039bd  __TI_zero_init_nomemset               
00002831  __aeabi_cdcmpeq                       
00002831  __aeabi_cdcmple                       
000028b7  __aeabi_cdrcmple                      
0000346d  __aeabi_d2iz                          
000011d7  __aeabi_dadd                          
00001645  __aeabi_ddiv                          
00001ef5  __aeabi_dmul                          
000011cd  __aeabi_dsub                          
00003ae9  __aeabi_errno_addr                    
00003819  __aeabi_i2d                           
0000177b  __aeabi_idiv0                         
0000177b  __aeabi_ldiv0                         
000029bd  __aeabi_memclr                        
000029bd  __aeabi_memclr4                       
000029bd  __aeabi_memclr8                       
000025d9  __aeabi_memcpy                        
000025d9  __aeabi_memcpy4                       
000025d9  __aeabi_memcpy8                       
000029bf  __aeabi_memset                        
000029bf  __aeabi_memset4                       
000029bf  __aeabi_memset8                       
200005c4  __aeabi_stderr                        
200005bc  __aeabi_stdin                         
200005c0  __aeabi_stdout                        
00003981  __aeabi_ui2d                          
0000270d  __aeabi_uldivmod                      
ffffffff  __binit__                             
ffffffff  __c_args__                            
UNDEFED   __mpu_init                            
2000fc00  __stack                               
20000000  __start___llvm_prf_cnts               
20000000  __stop___llvm_prf_cnts                
0000371d  _c_int00_noargs                       
00003b08  _ctypes_                              
200004f0  _device                               
20000400  _ftable                               
200005d4  _lock                                 
00001383  _nop                                  
20000568  _stream                               
20000000  _sys_memory                           
UNDEFED   _system_post_cinit                    
00003b01  _system_pre_init                      
200005d8  _unlock                               
00003b05  abort                                 
0000226d  add_device                            
00001df5  aligned_alloc                         
00003345  atoi                                  
ffffffff  binit                                 
200007d0  bmp0                                  
200007d1  bmp1                                  
200007d2  bmp2                                  
200007d3  bmp3                                  
200007d4  bmp4                                  
200007d5  bmp5                                  
200005e9  buttonCounter                         
00002f99  close                                 
200007bc  colorArray                            
00002325  colorControl                          
00003a11  copysign                              
00003a11  copysignl                             
200005e8  currentColor                          
000039a1  dclose                                
00003a81  dlseek                                
0000293d  dopen                                 
00003201  dread                                 
00003aa5  drename                               
00003ac3  dunlink                               
000033dd  dwrite                                
200005f0  errno                                 
00003425  exit                                  
200005ea  failFlag                              
00003391  failed                                
000037e9  finddevice                            
000027a5  fputc                                 
000019bd  fputs                                 
00001ff1  free                                  
00003751  freopen                               
00002e0d  frexp                                 
00002e0d  frexpl                                
00002e71  fseek                                 
00003581  getdevice                             
00002491  init_motor_PWM                        
0000253d  init_std_uart                         
00000000  interruptVectors                      
00001be1  ldexp                                 
00001be1  ldexpl                                
000038ed  lseek                                 
00001cf1  main                                  
00003af1  malloc                                
00001df5  memalign                              
000039f5  memccpy                               
00003961  memchr                                
000025d9  memcpy                                
000029c5  memset                                
000021b1  open                                  
200007c8  parmbuf                               
00002d3d  populateArray                         
00002da5  printf                                
000027a5  putc                                  
00003785  rand                                  
00003849  remove                                
00001be1  scalbn                                
00001be1  scalbnl                               
000020d5  setvbuf                               
00001385  showColors                            
200007d6  startbtn                              
00003a43  strchr                                
00003a2b  strcmp                                
00003a59  strcpy                                
00003a6d  strlen                                
0000367d  strncpy                               
200005e4  timer                                 
00003849  unlink                                
00000da5  userGuess                             
000032a9  victory                               
200005eb  victoryFlag                           
00003a93  wcslen                                
00003915  write                                 


GLOBAL SYMBOLS: SORTED BY Symbol Address 

address   name                                  
-------   ----                                  
00000000  __TI_static_base__                    
00000000  interruptVectors                      
000000e5  __TI_printfi                          
00000400  __STACK_SIZE                          
00000400  __SYSMEM_SIZE                         
00000b33  ADC14_IRQHandler                      
00000b33  AES256_IRQHandler                     
00000b33  BusFault_Handler                      
00000b33  COMP_E0_IRQHandler                    
00000b33  COMP_E1_IRQHandler                    
00000b33  CS_IRQHandler                         
00000b33  DMA_ERR_IRQHandler                    
00000b33  DMA_INT0_IRQHandler                   
00000b33  DMA_INT1_IRQHandler                   
00000b33  DMA_INT2_IRQHandler                   
00000b33  DMA_INT3_IRQHandler                   
00000b33  DebugMon_Handler                      
00000b33  Default_Handler                       
00000b33  EUSCIA0_IRQHandler                    
00000b33  EUSCIA1_IRQHandler                    
00000b33  EUSCIA2_IRQHandler                    
00000b33  EUSCIA3_IRQHandler                    
00000b33  EUSCIB0_IRQHandler                    
00000b33  EUSCIB1_IRQHandler                    
00000b33  EUSCIB2_IRQHandler                    
00000b33  EUSCIB3_IRQHandler                    
00000b33  FLCTL_IRQHandler                      
00000b33  FPU_IRQHandler                        
00000b33  HardFault_Handler                     
00000b33  MemManage_Handler                     
00000b33  NMI_Handler                           
00000b33  PCM_IRQHandler                        
00000b33  PORT1_IRQHandler                      
00000b33  PORT2_IRQHandler                      
00000b33  PORT3_IRQHandler                      
00000b33  PORT4_IRQHandler                      
00000b33  PORT5_IRQHandler                      
00000b33  PORT6_IRQHandler                      
00000b33  PSS_IRQHandler                        
00000b33  PendSV_Handler                        
00000b33  RTC_C_IRQHandler                      
00000b33  SVC_Handler                           
00000b33  SysTick_Handler                       
00000b33  T32_INT1_IRQHandler                   
00000b33  T32_INT2_IRQHandler                   
00000b33  T32_INTC_IRQHandler                   
00000b33  TA0_0_IRQHandler                      
00000b33  TA0_N_IRQHandler                      
00000b33  TA1_0_IRQHandler                      
00000b33  TA1_N_IRQHandler                      
00000b33  TA2_0_IRQHandler                      
00000b33  TA2_N_IRQHandler                      
00000b33  TA3_0_IRQHandler                      
00000b33  TA3_N_IRQHandler                      
00000b33  UsageFault_Handler                    
00000b33  WDT_A_IRQHandler                      
00000da5  userGuess                             
000011cd  __aeabi_dsub                          
000011d7  __aeabi_dadd                          
00001383  _nop                                  
00001385  showColors                            
00001645  __aeabi_ddiv                          
0000177b  __aeabi_idiv0                         
0000177b  __aeabi_ldiv0                         
000018a1  UART_initModule                       
000019bd  fputs                                 
00001be1  ldexp                                 
00001be1  ldexpl                                
00001be1  scalbn                                
00001be1  scalbnl                               
00001cf1  main                                  
00001df5  aligned_alloc                         
00001df5  memalign                              
00001ef5  __aeabi_dmul                          
00001ff1  free                                  
000020d5  setvbuf                               
000021b1  open                                  
0000226d  add_device                            
00002325  colorControl                          
00002491  init_motor_PWM                        
0000253d  init_std_uart                         
000025d9  __aeabi_memcpy                        
000025d9  __aeabi_memcpy4                       
000025d9  __aeabi_memcpy8                       
000025d9  memcpy                                
00002675  SystemInit                            
0000270d  __aeabi_uldivmod                      
000027a5  fputc                                 
000027a5  putc                                  
00002831  __aeabi_cdcmpeq                       
00002831  __aeabi_cdcmple                       
000028b7  __aeabi_cdrcmple                      
0000293d  dopen                                 
000029bd  __aeabi_memclr                        
000029bd  __aeabi_memclr4                       
000029bd  __aeabi_memclr8                       
000029bf  __aeabi_memset                        
000029bf  __aeabi_memset4                       
000029bf  __aeabi_memset8                       
000029c5  memset                                
00002a39  GetInputs                             
00002aad  __TI_closefile                        
00002c01  HOSTrename                            
00002c6d  HOSTlseek                             
00002cd5  __TI_decompress_lzss                  
00002d3d  populateArray                         
00002da5  printf                                
00002e0d  frexp                                 
00002e0d  frexpl                                
00002e71  fseek                                 
00002ed5  __TI_wrt_ok                           
00002f39  HOSTopen                              
00002f99  close                                 
00002ff5  GPIO_setAsInputPinWithPullDownResistor
0000304d  GPIO_setAsInputPinWithPullUpResistor  
000030a5  HOSTread                              
000030fd  HOSTwrite                             
000031ab  __TI_ltoa                             
00003201  dread                                 
000032a9  victory                               
000032f9  __TI_doflush                          
00003345  atoi                                  
00003391  failed                                
000033dd  dwrite                                
00003425  exit                                  
0000346d  __aeabi_d2iz                          
000034b5  HOSTclose                             
000034f9  HOSTunlink                            
0000353d  __TI_auto_init_nobinit_nopinit        
00003581  getdevice                             
000035c5  GPIO_setAsOutputPin                   
00003645  __TI_writemsg                         
00003673  C$$IO$$                               
0000367d  strncpy                               
000036b5  __TI_cleanup                          
000036e9  __TI_readmsg                          
0000371d  _c_int00_noargs                       
00003751  freopen                               
00003785  rand                                  
000037b9  GPIO_getInputPinValue                 
000037e9  finddevice                            
00003819  __aeabi_i2d                           
00003849  remove                                
00003849  unlink                                
00003875  GPIO_setOutputHighOnPin               
0000389d  GPIO_setOutputLowOnPin                
000038ed  lseek                                 
00003915  write                                 
0000393d  GPIOInit                              
00003961  memchr                                
00003981  __aeabi_ui2d                          
000039a1  dclose                                
000039bd  __TI_zero_init_nomemset               
000039f5  memccpy                               
00003a11  copysign                              
00003a11  copysignl                             
00003a2b  strcmp                                
00003a43  strchr                                
00003a59  strcpy                                
00003a6d  strlen                                
00003a81  dlseek                                
00003a93  wcslen                                
00003aa5  drename                               
00003ab5  __TI_decompress_none                  
00003ac3  dunlink                               
00003ad1  Reset_Handler                         
00003add  SysInit                               
00003ae9  __aeabi_errno_addr                    
00003af1  malloc                                
00003b01  _system_pre_init                      
00003b05  C$$EXIT                               
00003b05  abort                                 
00003b08  _ctypes_                              
00003ce0  __TI_Handler_Table_Base               
00003cec  __TI_Handler_Table_Limit              
00003cf8  __TI_CINIT_Base                       
00003d08  __TI_CINIT_Limit                      
20000000  __start___llvm_prf_cnts               
20000000  __stop___llvm_prf_cnts                
20000000  _sys_memory                           
20000400  _ftable                               
200004f0  _device                               
20000568  _stream                               
200005b8  __TI_ft_end                           
200005bc  __aeabi_stdin                         
200005c0  __aeabi_stdout                        
200005c4  __aeabi_stderr                        
200005c8  __TI_cleanup_ptr                      
200005cc  __TI_dtors_ptr                        
200005d0  __TI_enable_exit_profile_output       
200005d4  _lock                                 
200005d8  _unlock                               
200005e4  timer                                 
200005e8  currentColor                          
200005e9  buttonCounter                         
200005ea  failFlag                              
200005eb  victoryFlag                           
200005f0  errno                                 
200005fc  __CIOBUF_                             
2000071c  __TI_tmpnams                          
200007bc  colorArray                            
200007c8  parmbuf                               
200007d0  bmp0                                  
200007d1  bmp1                                  
200007d2  bmp2                                  
200007d3  bmp3                                  
200007d4  bmp4                                  
200007d5  bmp5                                  
200007d6  startbtn                              
2000fc00  __stack                               
20010000  __STACK_END                           
4000480c  WDTCTL_SYM                            
ffffffff  __TI_pprof_out_hndl                   
ffffffff  __TI_prof_data_size                   
ffffffff  __TI_prof_data_start                  
ffffffff  __binit__                             
ffffffff  __c_args__                            
ffffffff  binit                                 
UNDEFED   __mpu_init                            
UNDEFED   _system_post_cinit                    

[220 symbols]
